[0507/120318.780:WARNING:angle_platform_impl.cc(48)] HLSLCompiler.cpp:257 (compileToBinary): 
C:\fakepath(102,1-6): warning X4000: use of potentially uninitialized variable (dyn_index_vec4_float4)

[0507/120318.930:WARNING:angle_platform_impl.cc(48)] HLSLCompiler.cpp:257 (compileToBinary): 
C:\fakepath(135,1): warning X4000: use of potentially uninitialized variable (f_i)
C:\fakepath(137,1): warning X4000: use of potentially uninitialized variable (f_i)
C:\fakepath(173,1): warning X4000: use of potentially uninitialized variable (f_u)

[0507/120355.569:ERROR:gpu_init.cc(426)] Passthrough is not supported, GL is disabled
[0507/120414.082:WARNING:angle_platform_impl.cc(48)] HLSLCompiler.cpp:257 (compileToBinary): 
C:\fakepath(102,1-6): warning X4000: use of potentially uninitialized variable (dyn_index_vec4_float4)

[0507/120414.234:WARNING:angle_platform_impl.cc(48)] HLSLCompiler.cpp:257 (compileToBinary): 
C:\fakepath(135,1): warning X4000: use of potentially uninitialized variable (f_i)
C:\fakepath(137,1): warning X4000: use of potentially uninitialized variable (f_i)
C:\fakepath(173,1): warning X4000: use of potentially uninitialized variable (f_u)

[0507/120414.651:WARNING:angle_platform_impl.cc(48)] HLSLCompiler.cpp:257 (compileToBinary): 
C:\fakepath(165,1): warning X4000: use of potentially uninitialized variable (f_renderMipMapLevel)

[0507/120414.664:WARNING:angle_platform_impl.cc(48)] HLSLCompiler.cpp:257 (compileToBinary): 
C:\fakepath(165,1): warning X4000: use of potentially uninitialized variable (f_renderMipMapLevel)

[0507/120415.237:ERROR:gl_utils.cc(314)] [.WebGL-000005891A8FFA80] GL_INVALID_OPERATION: Two textures of different types use the same sampler location.
[0507/120415.237:ERROR:gl_utils.cc(314)] [.WebGL-000005891A8FFA80] GL_INVALID_OPERATION: Two textures of different types use the same sampler location.
[0507/120415.237:ERROR:gl_utils.cc(314)] [.WebGL-000005891A8FFA80] GL_INVALID_OPERATION: Two textures of different types use the same sampler location.
[0507/120415.237:ERROR:gl_utils.cc(314)] [.WebGL-000005891A8FFA80] GL_INVALID_OPERATION: Two textures of different types use the same sampler location.
[0507/120415.237:ERROR:gl_utils.cc(314)] [.WebGL-000005891A8FFA80] GL_INVALID_OPERATION: Two textures of different types use the same sampler location.
[0507/120415.237:ERROR:gl_utils.cc(314)] [.WebGL-000005891A8FFA80] GL_INVALID_OPERATION: Two textures of different types use the same sampler location.
[0507/120415.237:ERROR:gl_utils.cc(314)] [.WebGL-000005891A8FFA80] GL_INVALID_OPERATION: Two textures of different types use the same sampler location.
[0507/120415.237:ERROR:gl_utils.cc(314)] [.WebGL-000005891A8FFA80] GL_INVALID_OPERATION: Two textures of different types use the same sampler location.
[0507/120415.237:ERROR:gl_utils.cc(314)] [.WebGL-000005891A8FFA80] GL_INVALID_OPERATION: Two textures of different types use the same sampler location.
[0507/120415.237:ERROR:gl_utils.cc(314)] [.WebGL-000005891A8FFA80] GL_INVALID_OPERATION: Two textures of different types use the same sampler location.
[0507/120415.237:ERROR:gl_utils.cc(314)] [.WebGL-000005891A8FFA80] GL_INVALID_OPERATION: Two textures of different types use the same sampler location.
[0507/120415.237:ERROR:gl_utils.cc(314)] [.WebGL-000005891A8FFA80] GL_INVALID_OPERATION: Two textures of different types use the same sampler location.
[0507/120415.237:ERROR:gl_utils.cc(314)] [.WebGL-000005891A8FFA80] GL_INVALID_OPERATION: Two textures of different types use the same sampler location.
[0507/120415.237:ERROR:gl_utils.cc(314)] [.WebGL-000005891A8FFA80] GL_INVALID_OPERATION: Two textures of different types use the same sampler location.
[0507/120415.237:ERROR:gl_utils.cc(314)] [.WebGL-000005891A8FFA80] GL_INVALID_OPERATION: Two textures of different types use the same sampler location.
[0507/120415.237:ERROR:gl_utils.cc(314)] [.WebGL-000005891A8FFA80] GL_INVALID_OPERATION: Two textures of different types use the same sampler location.
[0507/120415.237:ERROR:gl_utils.cc(314)] [.WebGL-000005891A8FFA80] GL_INVALID_OPERATION: Two textures of different types use the same sampler location.
[0507/120415.237:ERROR:gl_utils.cc(314)] [.WebGL-000005891A8FFA80] GL_INVALID_OPERATION: Two textures of different types use the same sampler location.
[0507/120415.237:ERROR:gl_utils.cc(314)] [.WebGL-000005891A8FFA80] GL_INVALID_OPERATION: Two textures of different types use the same sampler location.
[0507/120415.237:ERROR:gl_utils.cc(314)] [.WebGL-000005891A8FFA80] GL_INVALID_OPERATION: Two textures of different types use the same sampler location.
[0507/120415.272:ERROR:gl_utils.cc(314)] [.WebGL-000005891A8FFA80] GL_INVALID_OPERATION: Two textures of different types use the same sampler location.
[0507/120415.272:ERROR:gl_utils.cc(314)] [.WebGL-000005891A8FFA80] GL_INVALID_OPERATION: Two textures of different types use the same sampler location.
[0507/120415.272:ERROR:gl_utils.cc(314)] [.WebGL-000005891A8FFA80] GL_INVALID_OPERATION: Two textures of different types use the same sampler location.
[0507/120415.272:ERROR:gl_utils.cc(314)] [.WebGL-000005891A8FFA80] GL_INVALID_OPERATION: Two textures of different types use the same sampler location.
[0507/120415.272:ERROR:gl_utils.cc(314)] [.WebGL-000005891A8FFA80] GL_INVALID_OPERATION: Two textures of different types use the same sampler location.
[0507/120415.272:ERROR:gl_utils.cc(314)] [.WebGL-000005891A8FFA80] GL_INVALID_OPERATION: Two textures of different types use the same sampler location.
[0507/120415.272:ERROR:gl_utils.cc(314)] [.WebGL-000005891A8FFA80] GL_INVALID_OPERATION: Two textures of different types use the same sampler location.
[0507/120415.272:ERROR:gl_utils.cc(314)] [.WebGL-000005891A8FFA80] GL_INVALID_OPERATION: Two textures of different types use the same sampler location.
[0507/120415.272:ERROR:gl_utils.cc(314)] [.WebGL-000005891A8FFA80] GL_INVALID_OPERATION: Two textures of different types use the same sampler location.
[0507/120415.272:ERROR:gl_utils.cc(314)] [.WebGL-000005891A8FFA80] GL_INVALID_OPERATION: Two textures of different types use the same sampler location.
[0507/120415.272:ERROR:gl_utils.cc(314)] [.WebGL-000005891A8FFA80] GL_INVALID_OPERATION: Two textures of different types use the same sampler location.
[0507/120415.272:ERROR:gl_utils.cc(314)] [.WebGL-000005891A8FFA80] GL_INVALID_OPERATION: Two textures of different types use the same sampler location.
[0507/120415.272:ERROR:gl_utils.cc(314)] [.WebGL-000005891A8FFA80] GL_INVALID_OPERATION: Two textures of different types use the same sampler location.
[0507/120415.272:ERROR:gl_utils.cc(314)] [.WebGL-000005891A8FFA80] GL_INVALID_OPERATION: Two textures of different types use the same sampler location.
[0507/120415.272:ERROR:gl_utils.cc(314)] [.WebGL-000005891A8FFA80] GL_INVALID_OPERATION: Two textures of different types use the same sampler location.
[0507/120415.272:ERROR:gl_utils.cc(314)] [.WebGL-000005891A8FFA80] GL_INVALID_OPERATION: Two textures of different types use the same sampler location.
[0507/120415.272:ERROR:gl_utils.cc(314)] [.WebGL-000005891A8FFA80] GL_INVALID_OPERATION: Two textures of different types use the same sampler location.
[0507/120415.272:ERROR:gl_utils.cc(314)] [.WebGL-000005891A8FFA80] GL_INVALID_OPERATION: Two textures of different types use the same sampler location.
[0507/120415.272:ERROR:gl_utils.cc(314)] [.WebGL-000005891A8FFA80] GL_INVALID_OPERATION: Two textures of different types use the same sampler location.
[0507/120415.272:ERROR:gl_utils.cc(314)] [.WebGL-000005891A8FFA80] GL_INVALID_OPERATION: Two textures of different types use the same sampler location.
